==================================================================
### ARM: pass
repo: /tmp/jigc-m27-flow29-EqLyQR   HEAD-before: 3
src/api.ts head:        export class RateRouter {
services/limiter.py head: class TokenLimiter:

--- jigc --format json task finalize document-the-gateway ---
{
  "committed": {
    "files": 1,
    "hash": "f26ac10",
    "manifest": [
      {
        "kind": "promoted",
        "path": "docs/architecture/gateway.md"
      }
    ],
    "promoted": [
      "docs/architecture/gateway.md"
    ],
    "subject": "docs(arch-doc): document the gateway"
  },
  "findings": [
    {
      "check": "baseline-adopt",
      "code": "file-state.baseline-adopt",
      "location": {
        "address": "docs/arch-doc:gateway.md",
        "col": 1,
        "line": 1
      },
      "message": "baseline adopted: `docs/arch-doc:gateway.md`",
      "probe": "file-state",
      "route": null,
      "severity": "advisory"
    },
    {
      "check": "baseline-adopt",
      "code": "file-state.baseline-adopt",
      "location": {
        "address": "docs/commit:document-the-gateway.md",
        "col": 1,
        "line": 1
      },
      "message": "baseline adopted: `docs/commit:document-the-gateway.md`",
      "probe": "file-state",
      "route": null,
      "severity": "advisory"
    }
  ],
  "schema_version": 2
}
FINALIZE_EXIT=0
HEAD-after: 4   (delta 1)
PROMOTED: docs/architecture/gateway.md PRESENT
--- git log -1 --format=%s ---
docs(arch-doc): document the gateway
