---
source: crates/engine/src/schema.rs
assertion_line: 515
expression: json
---
{
  "type": "spec",
  "location": "specs/",
  "id-from": "title",
  "description": "A specification of what a task implements — its goal, its context, and a set of testably-phrased acceptance criteria.",
  "usage": "Reach for it to pin down what a piece of work must deliver before building it, so the criteria are agreed up front and code can be checked against them.",
  "sections": [
    {
      "id": "goal",
      "slot": {
        "hint": "What this spec delivers — the outcome, in a sentence or two."
      }
    },
    {
      "id": "context",
      "slot": {
        "hint": "Why it is needed and the constraints that shape it."
      }
    },
    {
      "id": "criteria",
      "repeatable": {
        "id-from": "title",
        "block": [
          {
            "id": "title",
            "type": "string"
          },
          {
            "id": "statement",
            "slot": {
              "hint": "The criterion, testably phrased."
            }
          },
          {
            "id": "maps-to-test",
            "type": "code-anchor"
          }
        ]
      }
    }
  ]
}
