---
source: crates/engine/src/write.rs
expression: "serde_json::to_string_pretty(&finding).unwrap()"
---
{
  "severity": "blocking",
  "probe": "write",
  "check": "malformed-value",
  "code": "write.malformed-value",
  "key": {
    "code": "write.malformed-value",
    "target": null
  },
  "message": "write rejected: \"rejected\" is not a member of enum \"status\" (allowed: proposed, accepted, superseded)",
  "location": {
    "line": 1,
    "col": 1
  },
  "route": null
}
