---
source: crates/engine/src/parse.rs
expression: ceiling
---
Finding {
    severity: Blocking,
    probe: "conformance",
    check: "slot-heading-depth",
    code: "conformance.slot-heading-depth",
    message: "heading at schema-reserved depth `###` in slot prose at line 11; use a deeper level or rephrase",
    location: Some(
        Location {
            address: None,
            line: 11,
            col: 1,
        },
    ),
    route: None,
}
