---
source: crates/engine/src/parse.rs
expression: "project(&doc, src)"
---
[
    (
        "header",
        None,
    ),
    (
        "body",
        Some(
            (
                71,
                108,
                "Why this change: centralize limiting.",
            ),
        ),
    ),
]
