---
source: crates/engine/src/write.rs
expression: "serde_json::to_string_pretty(&finding).unwrap()"
---
{
  "severity": "blocking",
  "probe": "write",
  "check": "slot-heading-depth",
  "code": "write.slot-heading-depth",
  "key": {
    "code": "write.slot-heading-depth",
    "target": "adr:rate-limit-at-the-gateway#decision"
  },
  "message": "heading at schema-reserved depth `##` in slot prose at line 3; use `####` or rephrase",
  "location": {
    "address": "adr:rate-limit-at-the-gateway#decision",
    "line": 3,
    "col": 1
  },
  "route": null
}
