---
source: crates/engine/src/write.rs
expression: canon
---
---
status: accepted
date: 2026-05-31
---

# A tricky decision

## Context

Some context here.

```
## not a heading
```

## Decision

- x: this looks like a field but has no sentinel, so it is prose

#### a deeper heading is fine


An interior blank-line gap above is preserved.

## Consequences

Done.
