---
source: crates/engine/src/parse.rs
expression: "project(&doc, src)"
---
[
    (
        "header",
        None,
    ),
    (
        "summary",
        Some(
            (
                55,
                75,
                "Add the rate limiter",
            ),
        ),
    ),
    (
        "body",
        Some(
            (
                85,
                122,
                "Why this change: centralize limiting.",
            ),
        ),
    ),
    (
        "trailers",
        None,
    ),
]
