---
source: crates/engine/src/parse.rs
expression: f
---
Finding {
    severity: Blocking,
    code: "conformance.item-anchor-duplicate",
    message: "duplicate `{#id}` anchor `{#dup}` in repeatable section",
    location: Some(
        Location {
            address: None,
            line: 12,
            col: 1,
        },
    ),
    route: None,
}
