---
source: crates/engine/src/parse.rs
expression: "project(&doc, src)"
---
[
    (
        "status",
        None,
    ),
    (
        "context",
        Some(
            (
                83,
                173,
                "Per-client limits were enforced ad hoc.\n\n```\n## fenced not a heading\n```\n\nA trailing line.",
            ),
        ),
    ),
    (
        "options",
        Some(
            (
                186,
                225,
                "Alternatives were weighed and rejected.",
            ),
        ),
    ),
    (
        "decision",
        Some(
            (
                239,
                279,
                "Centralize rate limiting at the gateway.",
            ),
        ),
    ),
    (
        "consequences",
        Some(
            (
                297,
                334,
                "Each service drops its local limiter.",
            ),
        ),
    ),
]
