---
source: crates/engine/src/write.rs
expression: "serde_json::to_string_pretty(&finding).unwrap()"
---
{
  "severity": "blocking",
  "probe": "write",
  "check": "malformed-value",
  "code": "write.malformed-value",
  "key": {
    "code": "write.malformed-value",
    "target": "adr:rate-limit-at-the-gateway#status"
  },
  "message": "write rejected: \"rejected\" is not a member of enum \"status\" (allowed: proposed, accepted, superseded)",
  "location": {
    "address": "adr:rate-limit-at-the-gateway#status",
    "line": 1,
    "col": 1
  },
  "route": "`jigc doc schema adr` to see the field's declared type and members, then re-run the write with a conformant value"
}
